<div class="item open"><span class="checkbox">[ ]</span><p>Do this.</p></div><div class="item open"><span class="checkbox">[ ]</span><p>Do that.</p></div><div class="item open"><span class="checkbox">[ ]</span><p>Do more.</p></div><div class="item checked"><span class="checkbox">[x]</span><p>This is done.</p></div><div class="item checked"><span class="checkbox">[x]</span><p>And that one.</p></div><div class="item checked"><span class="checkbox">[x]</span><p>But what for?</p></div><div class="item title"><span>Status</span></div><div class="item open"><span class="checkbox">[ ]</span><p>Open.</p></div><div class="item ongoing"><span class="checkbox">[@]</span><p>Ongoing.</p></div><div class="item checked"><span class="checkbox">[x]</span><p>Checked.</p></div><div class="item obsolete"><span class="checkbox">[~]</span><p>Obsolete.</p></div><div class="item in-question"><span class="checkbox">[?]</span><p>In Question.</p></div><div class="item title"><span>Items</span></div><div class="item open"><span class="checkbox">[ ]</span><p>Items can be grouped.</p></div><div class="item open"><span class="checkbox">[ ]</span><p>Groups can have titles.</p></div><div class="item checked"><span class="checkbox">[x]</span><p>Group titles are optional, though.</p></div><div class="item open"><span class="checkbox">[ ]</span><p>Long descriptions can be continued on the next line.</p></div>And so on. And so forth. (You get the idea.) <div class="item open"><span class="checkbox">[ ]</span><p>Indentation is 4 spaces, by the way.</p></div><div class="item title"><span>Priority</span></div><div class="item open"><span class="checkbox">[ ]</span><p>This one is important.</p></div><div class="item open"><span class="checkbox">[ ]</span><p>And this is more important.</p></div><div class="item open"><span class="checkbox">[ ]</span><p>Boy, that escalated quickly.</p></div><div class="item open"><span class="checkbox">[ ]</span><p>You can pad with dots on either side, for visual alignment.</p></div><div class="item obsolete"><span class="checkbox">[~]</span><p>(Should that fancy you.)</p></div><div class="item title"><span>Tagging</span></div><div class="item open"><span class="checkbox">[ ]</span><p>Items can be .</p></div><span class="tag">#tagged</span> <div class="item open"><span class="checkbox">[ ]</span><p>, .</p></div><span class="tag">#Multiple</span> <span class="tag">#times</span> <span class="tag">#actually</span> <div class="item open"><span class="checkbox">[ ]</span><p>Tags are case-insensitive, so  is the same as .</p></div><span class="tag">#this</span> <span class="tag">#THIS</span> <div class="item open"><span class="checkbox">[ ]</span><p>Tags can also .</p></div><span class="tag">#have=values</span> <div class="item open"><span class="checkbox">[ ]</span><p>The value  if it contains spaces .</p></div><span class="tag">#can="beÂ quoted"</span> <span class="tag">#or='punc:tu!a/tion'</span> <div class="item open"><span class="checkbox">[ ]</span><p>Example use-cases for tags are: , , , , or =.</p></div><span class="tag">#work</span> <span class="tag">#buy</span> <span class="tag">#where=home</span> <span class="tag">#project="192/c"</span> <span class="tag">#created=2023-06-26</span> <span class="due">2023-06-26</span><div class="item title"><span>Due Dates</span></div><div class="item open"><span class="checkbox">[ ]</span><p>Do this soon -></p></div><span class="due">2023-08-17</span><div class="item open"><span class="checkbox">[ ]</span><p>->  This one afterwards.</p></div><span class="due">2023-08-23</span><div class="item open"><span class="checkbox">[ ]</span><p>Things in real life are fuzzy</p></div>sometimes: -> <span class="due">2023-08</span><div class="item obsolete"><span class="checkbox">[~]</span><p>This notation ^^^^^^^ is equivalent to writing -> , which is the last day of that period.</p></div><span class="due">2023-08-31</span><div class="item open"><span class="checkbox">[ ]</span><p>->  It works with weeks too.</p></div><span class="due">2023-W27</span><div class="item open"><span class="checkbox">[ ]</span><p>->  Or quarters.</p></div><span class="due">2023-Q3</span><div class="item open"><span class="checkbox">[ ]</span><p>->  Or years.</p></div><span class="due">2023</span><div class="item checked"><span class="checkbox">[x]</span><p>(To keep things casual, you know.)</p></div><div class="item open"><span class="checkbox">[ ]</span><p>And just in case you prefer slashes: there ->  you go.`</p></div><span class="due">2023/08/20</span>