<div class="item open"><span style="color: #73daff;">[ ]</span><p>Do this.</p></div><div class="item open"><span style="color: #73daff;">[ ]</span><p>Do that.</p></div><div class="item open"><span style="color: #73daff;">[ ]</span><p>Do more.</p></div><div class="item checked"><span style="color: #a9ff6b;">[x]</span><p>This is done.</p></div><div class="item checked"><span style="color: #a9ff6b;">[x]</span><p>And that one.</p></div><div class="item checked"><span style="color: #a9ff6b;">[x]</span><p>But what for?</p></div><span style="color: #ffffff; text-decoration: underline;">Status</span><div class="item open"><span style="color: #73daff;">[ ]</span><p>Open.</p></div><div class="item ongoing"><span style="color: #f199ff;">[@]</span><p>Ongoing.</p></div><div class="item checked"><span style="color: #a9ff6b;">[x]</span><p>Checked.</p></div><div class="item obsolete"><span style="color: #8f8f8f;">[~]</span><p>Obsolete.</p></div><div class="item in-question"><span style="color: #ffd610;">[?]</span><p>In Question.</p></div><span style="color: #ffffff; text-decoration: underline;">Items</span><div class="item open"><span style="color: #73daff;">[ ]</span><p>Items can be grouped.</p></div><div class="item open"><span style="color: #73daff;">[ ]</span><p>Groups can have titles.</p></div><div class="item checked"><span style="color: #a9ff6b;">[x]</span><p>Group titles are optional, though.</p></div><div class="item open"><span style="color: #73daff;">[ ]</span><p>Long descriptions can be continued on the next line.</p></div>And so on. And so forth. (You get the idea.) <div class="item open"><span style="color: #73daff;">[ ]</span><p>Indentation is 4 spaces, by the way.</p></div><span style="color: #ffffff; text-decoration: underline;">Priority</span><div class="item open"><span style="color: #73daff;">[ ]</span><p><span style="color: #ff0550;">.!!</span> This one is important.</p></div><div class="item open"><span style="color: #73daff;">[ ]</span><p><span style="color: #ff0550;">.!!!</span> And this is more important.</p></div><div class="item open"><span style="color: #73daff;">[ ]</span><p><span style="color: #ff0550;">.!!!!!!!!</span> Boy, that escalated quickly.</p></div><div class="item open"><span style="color: #73daff;">[ ]</span><p><span style="color: #ff0550;">.....!!!!</span> You can pad with dots on either side, for visual alignment.</p></div><div class="item obsolete"><span style="color: #8f8f8f;">[~]</span><p>(Should that fancy you.)</p></div><span style="color: #ffffff; text-decoration: underline;">Tagging</span><div class="item open"><span style="color: #73daff;">[ ]</span><p>Items can be .<span style="color: #8cb1be;">#tagged</span> </p></div><div class="item open"><span style="color: #73daff;">[ ]</span><p>, .<span style="color: #8cb1be;">#Multiple</span> <span style="color: #8cb1be;">#times</span> <span style="color: #8cb1be;">#actually</span> </p></div><div class="item open"><span style="color: #73daff;">[ ]</span><p>Tags are case-insensitive, so  is the same as .<span style="color: #8cb1be;">#this</span> <span style="color: #8cb1be;">#THIS</span> </p></div><div class="item open"><span style="color: #73daff;">[ ]</span><p>Tags can also .<span style="color: #8cb1be;">#have=values</span> </p></div><div class="item open"><span style="color: #73daff;">[ ]</span><p>The value  if it contains spaces .<span style="color: #8cb1be;">#can="beÂ quoted"</span> <span style="color: #8cb1be;">#or='punc:tu!a/tion'</span> </p></div><div class="item open"><span style="color: #73daff;">[ ]</span><p>Example use-cases for tags are: , , , , or =.<span style="color: #8cb1be;">#work</span> <span style="color: #8cb1be;">#buy</span> <span style="color: #8cb1be;">#where=home</span> <span style="color: #8cb1be;">#project="192/c"</span> <span style="color: #8cb1be;">#created=2023-06-26</span> <span style="color: #f0eaa8;">-> 2023-06-26</span></p></div><span style="color: #ffffff; text-decoration: underline;">Due Dates</span><div class="item open"><span style="color: #73daff;">[ ]</span><p>Do this soon -><span style="color: #f0eaa8;">-> 2023-08-17</span></p></div><div class="item open"><span style="color: #73daff;">[ ]</span><p>->  This one afterwards.<span style="color: #f0eaa8;">-> 2023-08-23</span></p></div><div class="item open"><span style="color: #73daff;">[ ]</span><p>Things in real life are fuzzy</p></div>sometimes: -> <div class="item obsolete"><span style="color: #8f8f8f;">[~]</span><p>This notation ^^^^^^^ is equivalent to writing -> , which is the last day of that period.<span style="color: #f0eaa8;">-> 2023-08-31</span></p></div><div class="item open"><span style="color: #73daff;">[ ]</span><p>->  It works with weeks too.<span style="color: #f0eaa8;">-> 2023-W27</span></p></div><div class="item open"><span style="color: #73daff;">[ ]</span><p>->  Or quarters.<span style="color: #f0eaa8;">-> 2023-Q3</span></p></div><div class="item open"><span style="color: #73daff;">[ ]</span><p>->  Or years.<span style="color: #f0eaa8;">-> 2023</span></p></div><div class="item checked"><span style="color: #a9ff6b;">[x]</span><p>(To keep things casual, you know.)</p></div><div class="item open"><span style="color: #73daff;">[ ]</span><p>And just in case you prefer slashes: there ->  you go.`<span style="color: #f0eaa8;">-> 2023/08/20</span></p></div>