<div><span class="text-xit-open">[ ]</span><p>Do this.</p></div><div><span class="text-xit-open">[ ]</span><p>Do that.</p></div><div><span class="text-xit-open">[ ]</span><p>Do more.</p></div><div><span class="text-xit-checked">[x]</span><p>This is done.</p></div><div><span class="text-xit-checked">[x]</span><p>And that one.</p></div><div><span class="text-xit-checked">[x]</span><p>But what for?</p></div><div class="text-xit-title underline"><span>Status</span></div><div><span class="text-xit-open">[ ]</span><p>Open.</p></div><div><span class="text-xit-ongoing">[@]</span><p>Ongoing.</p></div><div><span class="text-xit-checked">[x]</span><p>Checked.</p></div><div><span class="text-xit-obsolete">[~]</span><p>Obsolete.</p></div><div><span class="text-xit-in-question">[?]</span><p>In Question.</p></div><div class="text-xit-title underline"><span>Items</span></div><div><span class="text-xit-open">[ ]</span><p>Items can be grouped.</p></div><div><span class="text-xit-open">[ ]</span><p>Groups can have titles.</p></div><div><span class="text-xit-checked">[x]</span><p>Group titles are optional, though.</p></div><div><span class="text-xit-open">[ ]</span><p>Long descriptions can be continued on the next line.</p></div>And so on. And so forth. (You get the idea.) <div><span class="text-xit-open">[ ]</span><p>Indentation is 4 spaces, by the way.</p></div><div class="text-xit-title underline"><span>Priority</span></div><div><span class="text-xit-open">[ ]</span><p>This one is important.</p></div><div><span class="text-xit-open">[ ]</span><p>And this is more important.</p></div><div><span class="text-xit-open">[ ]</span><p>Boy, that escalated quickly.</p></div><div><span class="text-xit-open">[ ]</span><p>You can pad with dots on either side, for visual alignment.</p></div><div><span class="text-xit-obsolete">[~]</span><p>(Should that fancy you.)</p></div><div class="text-xit-title underline"><span>Tagging</span></div><div><span class="text-xit-open">[ ]</span><p>Items can be .</p></div><span class="text-xit-tag">#tagged</span> <div><span class="text-xit-open">[ ]</span><p>, .</p></div><span class="text-xit-tag">#Multiple</span> <span class="text-xit-tag">#times</span> <span class="text-xit-tag">#actually</span> <div><span class="text-xit-open">[ ]</span><p>Tags are case-insensitive, so  is the same as .</p></div><span class="text-xit-tag">#this</span> <span class="text-xit-tag">#THIS</span> <div><span class="text-xit-open">[ ]</span><p>Tags can also .</p></div><span class="text-xit-tag">#have=values</span> <div><span class="text-xit-open">[ ]</span><p>The value  if it contains spaces .</p></div><span class="text-xit-tag">#can="beÂ quoted"</span> <span class="text-xit-tag">#or='punc:tu!a/tion'</span> <div><span class="text-xit-open">[ ]</span><p>Example use-cases for tags are: , , , , or =.</p></div><span class="text-xit-tag">#work</span> <span class="text-xit-tag">#buy</span> <span class="text-xit-tag">#where=home</span> <span class="text-xit-tag">#project="192/c"</span> <span class="text-xit-tag">#created=2023-06-26</span> <span class="text-xit-due">-> 2023-06-26</span><div class="text-xit-title underline"><span>Due Dates</span></div><div><span class="text-xit-open">[ ]</span><p>Do this soon -></p></div><span class="text-xit-due">-> 2023-08-17</span><div><span class="text-xit-open">[ ]</span><p>->  This one afterwards.</p></div><span class="text-xit-due">-> 2023-08-23</span><div><span class="text-xit-open">[ ]</span><p>Things in real life are fuzzy</p></div>sometimes: -> <span class="text-xit-due">-> 2023-08</span><div><span class="text-xit-obsolete">[~]</span><p>This notation ^^^^^^^ is equivalent to writing -> , which is the last day of that period.</p></div><span class="text-xit-due">-> 2023-08-31</span><div><span class="text-xit-open">[ ]</span><p>->  It works with weeks too.</p></div><span class="text-xit-due">-> 2023-W27</span><div><span class="text-xit-open">[ ]</span><p>->  Or quarters.</p></div><span class="text-xit-due">-> 2023-Q3</span><div><span class="text-xit-open">[ ]</span><p>->  Or years.</p></div><span class="text-xit-due">-> 2023</span><div><span class="text-xit-checked">[x]</span><p>(To keep things casual, you know.)</p></div><div><span class="text-xit-open">[ ]</span><p>And just in case you prefer slashes: there ->  you go.`</p></div><span class="text-xit-due">-> 2023/08/20</span>